[2026-09-28T11:03:14.367Z]   … waiting 2273s P: probe drop appeal window
[2026-09-28T11:03:22.734Z]   opC      create_drop(Thin Reserve — pro, base, cd6eaaf83553d8e2ec, 1790593632, 900, 1200, 900, 600000000000000000, 50000000000000000, DemoQuest, 0x3c83ef6119eb05ca) +1 GEN → ACCEPTED OK [10s]  tx=0x2e30df2ecad4e54be9891ac03224d5dabc2ddffa6350e3d604b6bbd43142d85a
[2026-09-28T11:03:23.559Z]   … waiting 233s C: for the snapshot
[2026-09-28T11:03:25.020Z]   opB      create_drop(Silent Operator — , base, 1bd208254648f7f96f, 1790593632, 900, 900, 300, 400000000000000000, 50000000000000000, DemoQuest, 0x3c83ef6119eb05ca) +1 GEN → ACCEPTED OK [12s]  tx=0x4542c4e89e0bacdfe69da6037e68aa571473fac8127139a19b0fea3952c76958
[2026-09-28T11:03:25.887Z]   … waiting 231s B: for the snapshot
[2026-09-28T11:03:28.156Z]   opA      create_drop(Base Quest Season , base, d85fe0393346cc520f, 1790593632, 900, 1500, 1200, 100000000000000000, 100000000000000000, DemoQuest, 0x3c83ef6119eb05ca) +3 GEN → ACCEPTED OK [15s]  tx=0x859f078d13c756df858949a83daa075ad3fe145b6e49a2a12f01b90b177a8f8a
[2026-09-28T11:03:29.268Z]   … waiting 228s A: for the snapshot
[2026-09-28T11:07:26.909Z]   opA      commit_flagged(4, f65bcccb019dddf377, 4) → ACCEPTED OK [10s]  tx=0x9b5ebb61107d9f4b464042f797afbefaf8f43b0268e528341b8c73f6a27a1a38
[2026-09-28T11:07:26.912Z] A: drop #4
[2026-09-28T11:07:30.718Z]   opB      commit_flagged(3, 9f9e3be82455d7ef27, 2) → ACCEPTED OK [14s]  tx=0x384b83403ea71eaa75af4fcf3302ccfef7c52d7bfdba8341254615d2b8afd006
[2026-09-28T11:07:30.719Z] B: drop #3
[2026-09-28T11:07:33.803Z]   opC      commit_flagged(2, 9d64a50d2fb9c5b08a, 3) → ACCEPTED OK [17s]  tx=0xa6c82a864f4ac207e2f038132dac4cfc7090506cffc1433383f298446ba93c55
[2026-09-28T11:07:33.804Z] C: drop #2
[2026-09-28T11:07:35.636Z]   opA      file_appeal(4, 0x0f2589542b6d5a50, aa6a2e7c09e96658b3, I have used this w) +0.1 GEN → ACCEPTED OK [8s] A/human tx=0x36179ef90b95a707461af73c7767a95716f594aba436b692be4ffe2a5f13cf27
[2026-09-28T11:07:44.796Z]   opB      file_appeal(3, 0x8cd35fc08b003fcd, 7772654d1e8d0f64e9, Demo appeal on a d) +0.05 GEN → ACCEPTED OK [13s] B/minter tx=0xb219d1fce787e2d00d7eece433d78b30225b69c4aa6934d7a332d8409217fac0
[2026-09-28T11:07:47.973Z]   deployer set_paused(true) → ACCEPTED OK [13s] owner PAUSES the contract tx=0x2b287b4b1412fc773e752c8bdcede769a2ef28038cd1b43d24c6bb4d4cf8fa66
[2026-09-28T11:07:49.680Z]   opA      file_appeal(4, 0x8410115b7ee1b359, bb84d0f9362b373263, Demo appeal filed ) +0.1 GEN → ACCEPTED OK [13s] A/farm tx=0x2a5d830f42b9c7ecc8ad888a99e58fa232d41457f7f935fada511611fa9b6ef8
[2026-09-28T11:08:35.117Z]   opB      file_appeal(3, 0x35b4a50f63f4beee, 55dbb391bf5626237a, Demo appeal on a d) +0.05 GEN → ACCEPTED OK [49s] B/swapper tx=0x66bab256526824c2ca3d62d4a13fbb81a09b8b39ece0d70bd62d516643936c91
[2026-09-28T11:08:38.532Z]   outsider create_drop(Paused?, base, 000000000000000000, 1790594267, 10, 3600, 3600, 100000000000000000, 100000000000000000, , ) +1 GEN → ACCEPTED REJECTED new drops are paused [50s] create_drop while paused (must be refused) tx=0xb3b461b63ccc7bfe4903bb54cfb93bab43582c4674cd541492d3cc38e61c7edb
[2026-09-28T11:08:42.117Z]   opA      file_appeal(4, 0xd5512d138ea203c5, 29b7444c801a5c8a2e, Demo appeal filed ) +0.1 GEN → ACCEPTED OK [13s] A/active tx=0xe867601039cfe374e3e40ff82f6c5a0a164350603a61ca3b5424511a22f310d7
[2026-09-28T11:08:55.552Z]   trigger2 read_wallet(3) → ACCEPTED OK [20s] B/minter read attempt 1 tx=0x6bf771866e5343dde4156de1f9a7cdf82e52c5df64aa6a5ff48cfee04e59070d
[2026-09-28T11:08:55.556Z]     B/minter: READ WALLET_AGE_DAYS=11,OUTBOUND_TX_COUNT=6,DISTINCT_CONTRACTS_TOUCHED=1,ACTIVE_DAYS=6 FIRST_FUNDER_IS_EXCHANGE_OR_BRIDGE=UNCLEAR,SCRIPTED_REPETITION=STRONG,SINGLE_PURPOSE_FARMING=STRONG,ORGANIC_DIVERSITY=LOW
[2026-09-28T11:08:55.557Z]   … waiting 1101s B: past the reveal deadline with no reveal
[2026-09-28T11:09:02.232Z]   opC      file_appeal(2, 0x0f2589542b6d5a50, 29b7444c801a5c8a2e, Demo appeal on a t) +0.05 GEN → ACCEPTED OK [23s] C/long tx=0x60511fe7ee5da9739af04b617d3ca792a5ba0623746da504a0a168b447ac7f9a
[2026-09-28T11:09:05.773Z]   opA      file_appeal(4, 0x1c1ff5a779249371, 2b57a4a2a52846605c, Demo appeal: a lon) +0.1 GEN → ACCEPTED OK [23s] A/diverse tx=0xb3ef6ea59d99194be62883c7e5104fda56aa2bff15e4a9abb4d0131a9e6d64e7
[2026-09-28T11:09:41.196Z]   opC      file_appeal(2, 0x1c1ff5a779249371, bb84d0f9362b373263, Demo appeal on a t) +0.05 GEN → ACCEPTED OK [38s] C/diverse tx=0x5bb4bf38ececb61e8224b2fd1593e5875688c3dcb5c376ea87f1ca4834fea125
[2026-09-28T11:10:59.814Z]   trigger  read_wallet(2) → UNDETERMINED OK [114s] A/human read attempt 1 tx=0x44005cf3d5df800418b2e867f45f314cbcfbd9a8a51679eea3f600154172887b
[2026-09-28T11:10:59.816Z]     A/human: READ WALLET_AGE_DAYS=920,OUTBOUND_TX_COUNT=6,DISTINCT_CONTRACTS_TOUCHED=2,ACTIVE_DAYS=5 FIRST_FUNDER_IS_EXCHANGE_OR_BRIDGE=YES,SCRIPTED_REPETITION=NONE,SINGLE_PURPOSE_FARMING=NONE,ORGANIC_DIVERSITY=MEDIUM
[2026-09-28T11:11:03.901Z]   opC      file_appeal(2, 0x35b4a50f63f4beee, 9555408c7e998ff4cf, Demo appeal on a t) +0.05 GEN → ACCEPTED OK [82s] C/swapper tx=0x8d4713540edc950d3019f628955a0a33ee85d461e4edd88446be72e2f053f9a4
[2026-09-28T11:11:23.359Z]   trigger  read_wallet(4) → ACCEPTED OK [24s] A/farm read attempt 1 tx=0x9394bae9bb674b8338fe97dee2c87e06b2a50330c870d550ec7984dea20f5035
[2026-09-28T11:11:23.365Z]     A/farm: READ WALLET_AGE_DAYS=15,OUTBOUND_TX_COUNT=5,DISTINCT_CONTRACTS_TOUCHED=1,ACTIVE_DAYS=5 FIRST_FUNDER_IS_EXCHANGE_OR_BRIDGE=UNCLEAR,SCRIPTED_REPETITION=STRONG,SINGLE_PURPOSE_FARMING=STRONG,ORGANIC_DIVERSITY=LOW
[2026-09-28T11:11:28.425Z]   trigger3 settle_stalled(7) → ACCEPTED REJECTED nothing is in flight on appeal #7 [24s] settle_stalled while paused (reaches its own check, not a pause refusal) tx=0x4ad84b3238a44b72b37ffdae273127f6f2174a154f200a3e38becaae3de8f12b
[2026-09-28T11:11:37.125Z]   trigger  read_wallet(6) → ACCEPTED OK [14s] A/active read attempt 1 tx=0xd931530c5d0022205467bc6a87916f760e019f55d46e4e16b58cb08371376923
[2026-09-28T11:11:37.125Z]     A/active: INSUFFICIENT outbound history does not reach back to the lookback start 
[2026-09-28T11:12:21.455Z]   trigger3 read_wallet(7) → ACCEPTED OK [53s] C/7 read attempt 1 tx=0x2c62f64de5466ac219c891de80bd086df788f6d7fbcfda0b455ae392c0eaa8c9
[2026-09-28T11:12:21.457Z]     C/7: READ WALLET_AGE_DAYS=920,OUTBOUND_TX_COUNT=6,DISTINCT_CONTRACTS_TOUCHED=2,ACTIVE_DAYS=5 FIRST_FUNDER_IS_EXCHANGE_OR_BRIDGE=YES,SCRIPTED_REPETITION=SOME,SINGLE_PURPOSE_FARMING=NONE,ORGANIC_DIVERSITY=MEDIUM
[2026-09-28T11:12:53.995Z]   trigger  read_wallet(8) → ACCEPTED OK [77s] A/diverse read attempt 1 tx=0x99a330766918edb11f6acb1fa02250b78996497a6f6f59885ae8342371429e83
[2026-09-28T11:12:53.997Z]     A/diverse: READ WALLET_AGE_DAYS=920,OUTBOUND_TX_COUNT=13,DISTINCT_CONTRACTS_TOUCHED=5,ACTIVE_DAYS=5 FIRST_FUNDER_IS_EXCHANGE_OR_BRIDGE=YES,SCRIPTED_REPETITION=SOME,SINGLE_PURPOSE_FARMING=NONE,ORGANIC_DIVERSITY=MEDIUM
[2026-09-28T11:13:56.398Z]   trigger2 read_wallet(2) → ACCEPTED OK [64s] re-read #2 attempt 1 tx=0xc046028d2d5f371e88b5cebb0a5af769fdffb004c2f3155c752ca40e54834701
[2026-09-28T11:13:57.790Z]     re-read #2: round ACCEPTED, still FILED
[2026-09-28T11:14:00.487Z]   trigger3 read_wallet(9) → ACCEPTED OK [99s] C/9 read attempt 1 tx=0x4d51d94e24e66d5e848a3f94a0bc38d124e54a22e37aff2a7f0b567c8ee8516c
[2026-09-28T11:14:02.009Z]   opA      file_appeal(4, 0xd5512d138ea203c5, 29b7444c801a5c8a2e, Refiled after an I) +0.1 GEN → ACCEPTED OK [67s] A/refile tx=0x992c7f97e774d3a69fc74e501b8533aa15e0deaf43ee34b5c28cb20c316c1ac0
[2026-09-28T11:14:23.834Z]   trigger  read_wallet(11) → ACCEPTED OK [22s] A/refile read attempt 1 tx=0xe3767e0054ff450cd6ade535014c599f508e88e177640ec3fc87e75e5597b665
[2026-09-28T11:14:26.243Z]   trigger2 read_wallet(2) → ACCEPTED OK [13s] re-read #2 attempt 2 tx=0xc341eeb6862eb8b78834e0ae0b8969a15736511ab5ea10b173501b8b5faf784e
[2026-09-28T11:14:27.104Z]     re-read #2: round ACCEPTED, still FILED
[2026-09-28T11:14:38.411Z]   trigger3 read_wallet(9) → ACCEPTED OK [17s] C/9 read attempt 2 tx=0x0a1cc9235ec992df250a730f838a4ffa69735e97e2571bfda6db44fac05710e1
[2026-09-28T11:14:52.014Z]   trigger2 read_wallet(2) → ACCEPTED OK [10s] re-read #2 attempt 3 tx=0x54f801206013a2340cfe19ec7c4e1cfcfe959d91c7d97145c62c2b626f0ec46e
[2026-09-28T11:14:53.020Z]     re-read #2: round ACCEPTED, still FILED
[2026-09-28T11:14:56.799Z]   trigger  read_wallet(11) → ACCEPTED OK [12s] A/refile read attempt 2 tx=0x381dc6d1aee1eb1b767929d4e1950d50c0dfd7de2a9a15a439a43ac300cf6599
[2026-09-28T11:16:13.222Z]   trigger3 read_wallet(9) → UNDETERMINED OK [74s] C/9 read attempt 3 tx=0x357ec66ac25361d8656f20bcb1b89e4aef4861dd4d64108bb65be4e927f40291
[2026-09-28T11:16:13.224Z]     C/9: READ WALLET_AGE_DAYS=920,OUTBOUND_TX_COUNT=13,DISTINCT_CONTRACTS_TOUCHED=5,ACTIVE_DAYS=5 FIRST_FUNDER_IS_EXCHANGE_OR_BRIDGE=YES,SCRIPTED_REPETITION=SOME,SINGLE_PURPOSE_FARMING=NONE,ORGANIC_DIVERSITY=MEDIUM
[2026-09-28T11:17:34.779Z]   trigger  read_wallet(11) → ACCEPTED OK [137s] A/refile read attempt 3 tx=0x5b11f38d14190894fc9ba1f429c4c38550c06fc73422fddeb71ae1b74a22be88
[2026-09-28T11:17:34.781Z]     A/refile: INSUFFICIENT outbound history does not reach back to the lookback start 
[2026-09-28T11:17:34.782Z]   … waiting 882s A: for the appeal window to close
[2026-09-28T11:18:23.406Z]   trigger2 read_wallet(9) → ACCEPTED OK [165s] patient read #9 tx=0xafb282f01db5b7250890ed126dd57878be4bf0c38f9ce0aecfe2ba1d0fa644f3
[2026-09-28T11:18:24.578Z]     patient #9: round ACCEPTED → READ  {"FIRST_FUNDER_IS_EXCHANGE_OR_BRIDGE":"YES","SCRIPTED_REPETITION":"SOME","SINGLE_PURPOSE_FARMING":"NONE","ORGANIC_DIVERSITY":"MEDIUM"}
[2026-09-28T11:18:51.051Z]   trigger3 read_wallet(10) → ACCEPTED OK [158s] C/10 read attempt 1 tx=0x75f199d3759fb54b4d5940e0e7a5eaf36a13c948e2f4bc5a648ac07bdc83eeac
[2026-09-28T11:19:26.390Z]   trigger3 read_wallet(10) → ACCEPTED OK [14s] C/10 read attempt 2 tx=0x6c1683eabbb32665830784bf3e74a09b91adf1dfb111ced144a9523853f341f2
[2026-09-28T11:19:51.533Z]   trigger2 read_wallet(10) → ACCEPTED OK [12s] patient read #10 tx=0x8d492fd8bbd9ded35fb5c18b41e0d003fff8adb65c442ede2b45bdc9d4c06eb8
[2026-09-28T11:19:52.538Z]     patient #10: round ACCEPTED → FILED  (outbound history HTTP 429)
[2026-09-28T11:20:00.940Z]   trigger3 read_wallet(10) → ACCEPTED OK [14s] C/10 read attempt 3 tx=0x777aa99ef9e827e067951daad78c186d6fcdfa6c3f1da99a04394518448f5682
[2026-09-28T11:21:45.983Z]   trigger3 read_wallet(10) → UNDETERMINED OK [83s] C/10 read attempt 4 tx=0xc19dd257957091ebf06410be1ac19b57a0febeb0e6871346aed4a39b989e520b
[2026-09-28T11:21:45.986Z]     C/10: READ WALLET_AGE_DAYS=347,OUTBOUND_TX_COUNT=13,DISTINCT_CONTRACTS_TOUCHED=9,ACTIVE_DAYS=5 FIRST_FUNDER_IS_EXCHANGE_OR_BRIDGE=NO,SCRIPTED_REPETITION=STRONG,SINGLE_PURPOSE_FARMING=NONE,ORGANIC_DIVERSITY=LOW
[2026-09-28T11:21:45.986Z]   … waiting 331s C: appeal window
[2026-09-28T11:22:56.785Z]   trigger2 read_wallet(5) → UNDETERMINED OK [109s] patient read #5 tx=0x60d5304123a336a3c533d675776e21265965cfe33f066a5ec805ffbfd0fc9d76
[2026-09-28T11:22:57.729Z]     patient #5: round UNDETERMINED → FILED  (not applied)
[2026-09-28T11:25:29.631Z]   trigger2 read_wallet(2) → UNDETERMINED OK [77s] patient read #2 tx=0xa2f9daa12241516850b4b21f555dad6afb5fa2e366cd11bbcad0991a568a75f9
[2026-09-28T11:25:31.663Z]     patient #2: round UNDETERMINED → FILED  (not applied)
