eth.blockscout.com {"filter=from": {"http": 200, "bytes": 630369, "secs": 1.54, "n": 50, "all_outbound": true, "all_inbound": false, "has_next": true}, "filter=to": {"http": 200, "bytes": 522450, "secs": 0.8, "n": 50, "all_outbound": false, "all_inbound": true, "has_next": true}, "filter=None": {"http": 200, "bytes": 534419, "secs": 0.94, "n": 50, "all_outbound": false, "all_inbound": false, "has_next": true}, "legacy_sort_asc": {"http": 200, "n": 5, "ascending": true, "first": [1443428683]}, "filter_from_honoured": true}
base.blockscout.com {"filter=from": {"http": 200, "bytes": 603214, "secs": 1.28, "n": 50, "all_outbound": true, "all_inbound": false, "has_next": true}, "filter=to": {"http": 200, "bytes": 531023, "secs": 0.96, "n": 50, "all_outbound": false, "all_inbound": true, "has_next": true}, "filter=None": {"http": 200, "bytes": 520973, "secs": 1.0, "n": 50, "all_outbound": false, "all_inbound": true, "has_next": true}, "legacy_sort_asc": {"http": 200, "n": 5, "ascending": true, "first": [1691530827]}, "filter_from_honoured": true}
arbitrum.blockscout.com {"filter=from": {"http": 200, "bytes": 191884, "secs": 1.71, "n": 14, "all_outbound": true, "all_inbound": false, "has_next": false}, "filter=to": {"http": 200, "bytes": 518452, "secs": 1.69, "n": 50, "all_outbound": false, "all_inbound": true, "has_next": true}, "filter=None": {"http": 200, "bytes": 535900, "secs": 1.23, "n": 50, "all_outbound": false, "all_inbound": false, "has_next": true}, "legacy_sort_asc": {"http": 200, "n": 5, "ascending": true, "first": [1638044938]}, "filter_from_honoured": true}
polygon.blockscout.com {"filter=from": {"http": 200, "bytes": 12167, "secs": 1.01, "n": 1, "all_outbound": true, "all_inbound": false, "has_next": false}, "filter=to": {"http": 200, "bytes": 757318, "secs": 1.3, "n": 50, "all_outbound": false, "all_inbound": true, "has_next": true}, "filter=None": {"http": 200, "bytes": 757304, "secs": 1.94, "n": 50, "all_outbound": false, "all_inbound": true, "has_next": true}, "legacy_sort_asc": {"http": 200, "n": 5, "ascending": true, "first": [1694433741]}, "filter_from_honoured": true}
eth-sepolia.blockscout.com {"filter=from": {"http": 200, "bytes": 36, "secs": 0.54, "n": 0, "all_outbound": true, "all_inbound": true, "has_next": false}, "filter=to": {"http": 200, "bytes": 497769, "secs": 1.02, "n": 50, "all_outbound": false, "all_inbound": true, "has_next": true}, "filter=None": {"http": 200, "bytes": 497755, "secs": 0.93, "n": 50, "all_outbound": false, "all_inbound": true, "has_next": true}, "legacy_sort_asc": {"http": 200, "n": 5, "ascending": true, "first": [1668408360]}, "filter_from_honoured": true}
base-sepolia.blockscout.com {"filter=from": {"http": 200, "bytes": 36, "secs": 0.59, "n": 0, "all_outbound": true, "all_inbound": true, "has_next": false}, "filter=to": {"http": 200, "bytes": 497571, "secs": 0.96, "n": 50, "all_outbound": false, "all_inbound": true, "has_next": true}, "filter=None": {"http": 200, "bytes": 497557, "secs": 0.88, "n": 50, "all_outbound": false, "all_inbound": true, "has_next": true}, "legacy_sort_asc": {"http": 200, "n": 5, "ascending": true, "first": [1706173088]}, "filter_from_honoured": true}
optimism.blockscout.com {"filter=from": {"http": 301, "bytes": 0, "secs": 0.68}, "filter=to": {"http": 301, "bytes": 0, "secs": 0.3}, "filter=None": {"http": 301, "bytes": 0, "secs": 0.31}, "legacy_sort_asc": {"http": 301}, "filter_from_honoured": false}
gnosis.blockscout.com {"filter=from": {"http": 301, "bytes": 0, "secs": 0.66}, "filter=to": {"http": 301, "bytes": 0, "secs": 0.62}, "filter=None": {"http": 301, "bytes": 0, "secs": 0.34}, "legacy_sort_asc": {"http": 301}, "filter_from_honoured": false}
scroll.blockscout.com {"filter=from": {"http": 301, "bytes": 0, "secs": 0.71}, "filter=to": {"http": 301, "bytes": 0, "secs": 0.61}, "filter=None": {"http": 301, "bytes": 0, "secs": 0.58}, "legacy_sort_asc": {"http": 301}, "filter_from_honoured": false}
eth.blockscout.com controlled keys with history: 0
base.blockscout.com controlled keys with history: 0
arbitrum.blockscout.com controlled keys with history: 0
eth-sepolia.blockscout.com controlled keys with history: 0
base-sepolia.blockscout.com controlled keys with history: 0
human_long_tail {"host": "base.blockscout.com", "address": "0x0f2589542b6d5a506849e9425cd5c41f89b1d923", "http": 200, "bytes": 14889, "secs": 0.9, "n": 6, "complete": true, "all_outbound": true, "newest": "2026-09-28T10:25:07.000000Z", "oldest": "2024-04-15T07:55:47.000000Z", "first_txs": [{"ts": 1711063581, "from"
human_diverse {"host": "base.blockscout.com", "address": "0x1c1ff5a779249371ec4862a1f88c187989a8983a", "http": 200, "bytes": 40752, "secs": 1.13, "n": 13, "complete": true, "all_outbound": true, "newest": "2026-09-28T10:27:43.000000Z", "oldest": "2024-04-17T22:12:49.000000Z", "first_txs": null}
human_swapper {"host": "base.blockscout.com", "address": "0x35b4a50f63f4beee621a8e5e97afcb2db0de63d8", "http": 200, "bytes": 58163, "secs": 0.81, "n": 13, "complete": true, "all_outbound": true, "newest": "2026-09-28T10:27:41.000000Z", "oldest": "2025-10-15T14:04:51.000000Z", "first_txs": null}
farm_minter_a {"host": "base.blockscout.com", "address": "0x8410115b7ee1b359222d303b2bcd363af667efa9", "http": 200, "bytes": 16635, "secs": 0.55, "n": 5, "complete": true, "all_outbound": true, "newest": "2026-09-28T10:25:07.000000Z", "oldest": "2026-09-12T19:24:37.000000Z", "first_txs": null}
farm_minter_b {"host": "base.blockscout.com", "address": "0x8cd35fc08b003fcd56377dba2cdf2242952d6cd3", "http": 200, "bytes": 19963, "secs": 0.51, "n": 6, "complete": true, "all_outbound": true, "newest": "2026-09-28T10:27:41.000000Z", "oldest": "2026-09-16T20:31:55.000000Z", "first_txs": null}
farm_quester {"host": "base.blockscout.com", "address": "0xe288ddad7a2fdd7cb9bdefc9bbe1ba90a47c3ac2", "http": 200, "bytes": 44894, "secs": 0.67, "n": 20, "complete": true, "all_outbound": true, "newest": "2026-09-28T10:27:39.000000Z", "oldest": "2026-04-06T03:46:39.000000Z", "first_txs": null}
too_active {"host": "base.blockscout.com", "address": "0xd5512d138ea203c528fcd8e339fa3c93a6650265", "http": 200, "bytes": 754197, "secs": 1.51, "n": 50, "complete": false, "all_outbound": true, "newest": "2026-09-28T10:25:07.000000Z", "oldest": "2026-09-04T20:13:49.000000Z", "first_txs": null}
wrote /Users/kenilvakariya/Desktop/fairdrop/docs/probe/results.json
