[2026-09-28T17:56:39.861Z]   canonOp  create_drop(Canonical — keys w, base, fba98585738aba4f5b, 1790618424, 365, 3600, 3600, 500000000000000000, 50000000000000000, 216, 3, CanonProto, ) +1 GEN → ACCEPTED OK [14s]  tx=0xc92df675c4d26d40daf8c8eed46968ebed23faac049c99c9b82018e70fa6b1e4
[2026-09-28T17:56:39.864Z] canonical drop #1 on 0xecEeb9E569720BdEd3750A4e41C574642EEF1A58
[2026-09-28T17:56:41.267Z]   … waiting until 2026-09-28T18:00:29.000Z (228s) for the snapshot
[2026-09-28T18:00:43.865Z]   canonOp  publish_flagged(1, 0x8cd1770df3eb9a7b, true) → ACCEPTED OK [15s] publish the flagged list on chain tx=0xddd38a76ea71217944dddf28cf133b23e123f583852d1fe6d581764b0cb00703
[2026-09-28T18:00:57.148Z]   outsider file_appeal(1, 0xb5b5cee6b8b53ff5, 61b1a8ba0617461704, Filing for a walle) +0.05 GEN → ACCEPTED REJECTED an appeal must be sent by the flagged wallet itself [13s] LOOPHOLE 4: a stranger files for flagged2 (must be refused) tx=0x5c192d1092aa8a15cbe12ddde5332fbf13ad66cdccf7eaea631616a42ad22185
[2026-09-28T18:01:10.255Z]   canonOp  file_appeal(1, 0xb5b5cee6b8b53ff5, 61b1a8ba0617461704, Operator on behalf) +0.05 GEN → ACCEPTED REJECTED an appeal must be sent by the flagged wallet itself [13s] canonical: the operator files for flagged2 (must be refused) tx=0x29b6788ee7487ccca12a3ed86d2f3c749ca2ad57083c603affc0069a8e516250
[2026-09-28T18:01:23.256Z]   outsider file_appeal(1, 0x17b2342321c2e411, 82cbdd9d808e2c9979, Not flagged) +0.05 GEN → ACCEPTED REJECTED this wallet is not in the flagged list (the merkle proof does not verify) [13s] LOOPHOLE 3: a non-flagged wallet appeals (must be refused) tx=0xa6efc1c8a8594cbcdbeaff5a80ef884c8de2c773e48a224d803602de1883c70a
[2026-09-28T18:01:35.613Z]   flagged1 file_appeal(1, 0x8cd1770df3eb9a7b, , This is my own wal) +0.05 GEN → ACCEPTED OK [12s] flagged1 appeals FROM ITSELF, with NO proof from the operator (membership read from the published list) tx=0x6172f7f3cc82ba9f834ff7155b6bcf22347fb1abea4690b251879abdc68e09fd
[2026-09-28T18:01:47.325Z]   flagged1 file_appeal(1, 0x8cd1770df3eb9a7b, 82cbdd9d808e2c9979, Again) +0.05 GEN → ACCEPTED REJECTED this wallet has already appealed this drop [12s] LOOPHOLE 8: same wallet twice (must be refused) tx=0xa50a8c772a2101a05a1541c1d9d68b815dd5c75698b616f7ca92ad25219f65a4
[2026-09-28T18:02:00.330Z]   canonOp  close_drop(1) → ACCEPTED REJECTED the reserve is locked until the reveal deadline and every contest window close [13s] LOOPHOLE 6: operator closes during appeals (must be refused) tx=0x1c7016a70946aebeadb12870880bf1a935dbc4a68f4eb0714da2002d10f4c99e
[2026-09-28T18:02:12.503Z]   canonTrigger read_wallet(1) → ACCEPTED REJECTED reads start once the rules are revealed: each validator must compute the outcome from its own findings [12s] v4: a read before the reveal (must be refused: the outcome needs the rules) tx=0x34867a22d2ed0d161aa2d5a247974a0799573018c181d7d58b38df05666cff69
[2026-09-28T18:02:12.504Z]   … waiting until 2026-09-28T19:00:29.000Z (3497s) the 1-hour appeal window
[2026-09-28T18:07:13.475Z]   … still waiting 3196s the 1-hour appeal window
[2026-09-28T18:12:15.449Z]   … still waiting 2894s the 1-hour appeal window
[2026-09-28T18:17:17.469Z]   … still waiting 2592s the 1-hour appeal window
[2026-09-28T18:22:19.596Z]   … still waiting 2290s the 1-hour appeal window
[2026-09-28T18:27:20.812Z]   … still waiting 1989s the 1-hour appeal window
[2026-09-28T18:32:22.211Z]   … still waiting 1687s the 1-hour appeal window
[2026-09-28T18:37:24.307Z]   … still waiting 1385s the 1-hour appeal window
[2026-09-28T18:42:26.425Z]   … still waiting 1083s the 1-hour appeal window
[2026-09-28T18:47:28.625Z]   … still waiting 781s the 1-hour appeal window
[2026-09-28T18:52:32.020Z]   … still waiting 477s the 1-hour appeal window
[2026-09-28T18:57:34.025Z]   … still waiting 175s the 1-hour appeal window
[2026-09-28T19:00:44.883Z]   canonOp  reveal_rules(1, {"min_hits":2,"rul, c0179635485ad48eee) → ACCEPTED (unreadable) [13s] canonical reveal tx=0xd90a1df5c54b285e480b33d1ec5f4434c51825bcd1590c4d98566ab8fb8f6429
[2026-09-28T19:01:40.568Z]   canonTrigger read_wallet(1) → UNDETERMINED OK [54s] canonical #1 attempt 1: read round tx=0xb233d07b08e544ed665e17efa42396cf148067e933a0a25d4b76e472a120d062
[2026-09-28T19:01:41.483Z]     canonical #1 attempt 1: round UNDETERMINED → FILED {} {} (landed 0, splits 0)
[2026-09-28T19:03:18.253Z]   canonTrigger read_wallet(1) → ACCEPTED OK [65s] canonical #1 attempt 2: read round tx=0x4a6d30fe46d5e207fe5b4c2b71e4264d8fa3355ffde4d50b61473e31108a0fdc
[2026-09-28T19:03:19.278Z]     canonical #1 attempt 2: round ACCEPTED → FILED {} {} (landed 1, splits 0, last UNAVAILABLE)
[2026-09-28T19:04:04.287Z]   canonTrigger read_wallet(1) → ACCEPTED OK [14s] canonical #1 attempt 3: read round tx=0xa29baa3b2bb1f0609e816e5ef322acb8d69281569a3f823e5c88b73b13cbfa1c
[2026-09-28T19:04:05.308Z]     canonical #1 attempt 3: round ACCEPTED → FILED {} {} (landed 2, splits 0, last UNAVAILABLE)
[2026-09-28T19:04:50.935Z]   canonTrigger read_wallet(1) → ACCEPTED OK [14s] canonical #1 attempt 4: read round tx=0xb100c191ce6fa32c7453f5ebfb9ba1421a552f426c03cabff725c10f70825934
[2026-09-28T19:04:51.886Z]     canonical #1 attempt 4: round ACCEPTED → FILED {} {} (landed 3, splits 0, last UNAVAILABLE)
[2026-09-28T19:05:53.706Z]   canonTrigger read_wallet(1) → ACCEPTED OK [31s] canonical #1 attempt 5: read round tx=0x9c03c26538be14469ef861c92a9037afc8ce979df58a7bca800b70cfd81d63b6
[2026-09-28T19:05:54.724Z]     canonical #1 attempt 5: round ACCEPTED → FILED {} {} (landed 4, splits 0, last UNAVAILABLE)
[2026-09-28T19:07:12.965Z]   canonTrigger read_wallet(1) → UNDETERMINED OK [46s] canonical #1 attempt 6: read round tx=0x9e25d364a051a6c6b40b70f5cdd2f4eb041f6041e61ee7552d0f52d9469fe39e
[2026-09-28T19:07:14.159Z]     canonical #1 attempt 6: round UNDETERMINED → FILED {} {} agreed_outcome=SYBIL_PATTERN (landed 4, splits 0, last UNAVAILABLE)
[2026-09-28T19:07:50.240Z] wrote docs/canonical-evidence.json
[2026-09-28T21:13:32.683Z] canonical drop #1 on 0xecEeb9E569720BdEd3750A4e41C574642EEF1A58
[2026-09-28T21:14:32.244Z]   canonTrigger read_wallet(1) → UNDETERMINED OK [55s] canonical #1 attempt 1: read round tx=0x74c5db92b960b94ff8e3ecb956cbfe8e7727eeab0946881fe3f3221ef3be79ca
[2026-09-28T21:14:33.241Z]     canonical #1 attempt 1: round UNDETERMINED → FILED {} {} (landed 4, splits 0, last UNAVAILABLE)
[2026-09-28T21:15:21.753Z]   canonTrigger read_wallet(1) → ACCEPTED OK [16s] canonical #1 attempt 2: read round tx=0xddb2da3d6564e35227e148b0370d6c1f1e24004d4a2740228178b1a68aeb1c42
[2026-09-28T21:15:22.718Z]     canonical #1 attempt 2: round ACCEPTED → FILED {} {} (landed 5, splits 0, last UNAVAILABLE)
[2026-09-28T21:16:44.294Z]   canonTrigger read_wallet(1) → ACCEPTED OK [50s] canonical #1 attempt 3: read round tx=0x3ecf270dae8bf0ede37062ebaadc2d857c12c1e889ce53c59544859cad5dcfa5
[2026-09-28T21:16:45.270Z]     canonical #1 attempt 3: round ACCEPTED → READ {"WALLET_AGE_DAYS":"0","OUTBOUND_TX_COUNT":"0","DISTINCT_CONTRACTS_TOUCHED":"0","ACTIVE_DAYS":"0"} {"FIRST_FUNDER_IS_EXCHANGE_OR_BRIDGE":"UNCLEAR","SCRIPTED_REPETITION":"NONE","SINGLE_PURPOSE_FARMING":"NONE","ORGANIC_DIVERSITY":"UNCLEAR"} agreed_outcome=SYBIL_PATTERN (landed 6, splits 0, last READ)
[2026-09-28T21:16:59.185Z]   canonTrigger decide(1) → ACCEPTED (unreadable) [13s] canonical decide (the 48-hour contest window opens) tx=0xfacbdb08571ec339b74016dd6e249dce490007e5b63091d0f02d1831b21a3350
[2026-09-28T21:17:03.217Z] wrote docs/canonical-evidence.json
[2026-09-28T22:45:09.283Z]   canonOp  claim_payout() → ACCEPTED OK [13s] canonOp claims 0.05 GEN on the canonical instance tx=0x58b46c4b8c7927b2a115e11f576dbaa0bfe11e75529b7915134d5fe449ca1eb3
[2026-09-28T22:45:23.340Z]   flagged1 claim_payout() → ACCEPTED OK [13s] flagged1 claims 0.05 GEN on the canonical instance tx=0xd7bb31cadcc2ff8a3f3c44b74815cd1e502ea035b4f74e29d43a50281d0d302c
[2026-09-28T22:45:48.666Z]   outsider claim_payout() → ACCEPTED OK [20s] outsider claims 0.10 GEN on the canonical instance tx=0xa1c24afb5b2062f688b42aa30a519f525955f4eeed798d44fbc2246228a44122
[2026-09-28T22:45:57.275Z] canonical drop #1 on 0xecEeb9E569720BdEd3750A4e41C574642EEF1A58
[2026-09-28T22:46:05.384Z] wrote docs/canonical-evidence.json
